campaign=01_official_benchmark
started_utc=2026-09-03T06:50:10Z
flashkda_commit=1ce47ea3bb22c84eb9cc665028399cf35e8ffb0b
name, uuid, driver_version, clocks.current.sm [MHz], clocks.max.sm [MHz], memory.total [MiB]
NVIDIA B300 SXM6 AC, GPU-<REDACTED>, 580.126.09, 1905 MHz, 2032 MHz, 275040 MiB
python=3.12.3
torch=2.10.0+cu130
fla=/home/lcpu/<USER_ID>/FlashKDA/.venv/lib/python3.12/site-packages/fla/__init__.py
flash_kda=/home/lcpu/<USER_ID>/FlashKDA-c1-official/flash_kda/__init__.py
extension=/home/lcpu/<USER_ID>/FlashKDA-c1-official/flash_kda_C.cpython-312-x86_64-linux-gnu.so
shape=[8192,96,128] warmup=30 iters=200 repeats=5
  flash_kda (bf16 state) : mean=1.0304 ms, min=1.0275 ms, max=1.0806 ms
  flash_kda (no state)   : mean=1.0299 ms, min=1.0274 ms, max=1.0764 ms
  flash_kda (fp32 state) : mean=1.0009 ms, min=0.9977 ms, max=1.0533 ms
  chunk_kda : mean=2.4155 ms, min=2.4050 ms, max=2.6029 ms
  chunk_gated_delta_rule : mean=1.2958 ms, min=1.2897 ms, max=1.4144 ms
varlen shape=[8192,96,128] seq_lens=[1300, 547, 2048, 963, 271, 3063] warmup=30 iters=200 repeats=5
  flash_kda (bf16 state) : mean=0.8612 ms, min=0.8115 ms, max=0.9119 ms
  flash_kda (no state)   : mean=0.8597 ms, min=0.8199 ms, max=0.9158 ms
  flash_kda (fp32 state) : mean=0.8740 ms, min=0.8338 ms, max=0.9253 ms
  chunk_kda : mean=2.4255 ms, min=2.4129 ms, max=2.5800 ms
  chunk_gated_delta_rule : mean=1.3379 ms, min=1.3319 ms, max=1.4727 ms
varlen shape=[8192,96,128] seq_lens=[1024, 1024, 1024, 1024, 1024, 1024, 1024, 1024] warmup=30 iters=200 repeats=5
  flash_kda (bf16 state) : mean=0.6963 ms, min=0.6927 ms, max=0.7502 ms
  flash_kda (no state)   : mean=0.6944 ms, min=0.6906 ms, max=0.7393 ms
  flash_kda (fp32 state) : mean=0.7139 ms, min=0.7110 ms, max=0.7844 ms
  chunk_kda : mean=2.3814 ms, min=2.3700 ms, max=2.5489 ms
  chunk_gated_delta_rule : mean=1.2903 ms, min=1.2836 ms, max=1.4084 ms
shape=[8192,64,128] warmup=30 iters=200 repeats=5
  flash_kda (bf16 state) : mean=0.9410 ms, min=0.9365 ms, max=0.9908 ms
  flash_kda (no state)   : mean=0.9406 ms, min=0.9376 ms, max=0.9951 ms
  flash_kda (fp32 state) : mean=0.9115 ms, min=0.9085 ms, max=0.9369 ms
  chunk_kda : mean=1.6856 ms, min=1.6778 ms, max=1.9088 ms
  chunk_gated_delta_rule : mean=0.8893 ms, min=0.8791 ms, max=1.0668 ms
varlen shape=[8192,64,128] seq_lens=[1300, 547, 2048, 963, 271, 3063] warmup=30 iters=200 repeats=5
  flash_kda (bf16 state) : mean=0.6532 ms, min=0.6498 ms, max=0.7179 ms
  flash_kda (no state)   : mean=0.6530 ms, min=0.6495 ms, max=0.6983 ms
  flash_kda (fp32 state) : mean=0.6604 ms, min=0.6573 ms, max=0.7055 ms
  chunk_kda : mean=1.6990 ms, min=1.6819 ms, max=1.9034 ms
  chunk_gated_delta_rule : mean=0.9515 ms, min=0.9450 ms, max=1.0835 ms
varlen shape=[8192,64,128] seq_lens=[1024, 1024, 1024, 1024, 1024, 1024, 1024, 1024] warmup=30 iters=200 repeats=5
  flash_kda (bf16 state) : mean=0.4740 ms, min=0.4709 ms, max=0.5004 ms
  flash_kda (no state)   : mean=0.4720 ms, min=0.4695 ms, max=0.5028 ms
  flash_kda (fp32 state) : mean=0.4861 ms, min=0.4841 ms, max=0.5070 ms
  chunk_kda : mean=1.5964 ms, min=1.5878 ms, max=1.7946 ms
  chunk_gated_delta_rule : mean=0.8654 ms, min=0.8545 ms, max=1.0536 ms
finished_utc=2026-09-03T06:51:43Z
