campaign=02_k3_shapes
started_utc=2026-09-03T06:53:54Z
flashkda_commit=1ce47ea3bb22c84eb9cc665028399cf35e8ffb0b
worktree_dirty_files=12
name, uuid, driver_version, clocks.current.sm [MHz], clocks.max.sm [MHz], memory.total [MiB]
NVIDIA B300 SXM6 AC, GPU-<REDACTED>, 580.126.09, 1905 MHz, 2032 MHz, 275040 MiB
extension=/home/lcpu/<USER_ID>/FlashKDA/results/20260821_dispatch_boundary/integrated_dispatch/lib/flash_kda_C.cpython-312-x86_64-linux-gnu.so
device={'device': 0, 'major': 10, 'minor': 3, 'sm_count': 148, 'l2_bytes': 132644864, 'shared_memory_per_sm': 233472, 'registers_per_sm': 65536, 'max_threads_per_sm': 2048, 'warp_size': 32, 'max_blocks_per_sm': 32}
case=fixed_1x8192 lengths=[8192] auto_decision={'value_slice': 64, 'reason': 'environment_override'} correctness={'v16_out_equal': True, 'v16_state_equal': True, 'v32_out_equal': True, 'v32_state_equal': True, 'v64_out_equal': True, 'v64_state_equal': True}
result case=fixed_1x8192 repeat=0 mode=v16 median_ms=0.568944 p90_ms=0.570976
result case=fixed_1x8192 repeat=0 mode=auto median_ms=0.569792 p90_ms=0.570944
result case=fixed_1x8192 repeat=0 mode=compat_v128 median_ms=0.780240 p90_ms=0.782880
result case=fixed_1x8192 repeat=0 mode=v32 median_ms=0.584352 p90_ms=0.586336
result case=fixed_1x8192 repeat=0 mode=v64 median_ms=0.634432 p90_ms=0.635680
result case=fixed_1x8192 repeat=1 mode=auto median_ms=0.569632 p90_ms=0.571744
result case=fixed_1x8192 repeat=1 mode=v32 median_ms=0.584384 p90_ms=0.586336
result case=fixed_1x8192 repeat=1 mode=v64 median_ms=0.633632 p90_ms=0.635712
result case=fixed_1x8192 repeat=1 mode=v16 median_ms=0.569728 p90_ms=0.571136
result case=fixed_1x8192 repeat=1 mode=compat_v128 median_ms=0.780688 p90_ms=0.782976
result case=fixed_1x8192 repeat=2 mode=v64 median_ms=0.633632 p90_ms=0.635616
result case=fixed_1x8192 repeat=2 mode=v16 median_ms=0.569856 p90_ms=0.571104
result case=fixed_1x8192 repeat=2 mode=compat_v128 median_ms=0.780816 p90_ms=0.782880
result case=fixed_1x8192 repeat=2 mode=v32 median_ms=0.584352 p90_ms=0.586336
result case=fixed_1x8192 repeat=2 mode=auto median_ms=0.569168 p90_ms=0.570880
result case=fixed_1x8192 repeat=3 mode=v64 median_ms=0.633728 p90_ms=0.635680
result case=fixed_1x8192 repeat=3 mode=compat_v128 median_ms=0.779904 p90_ms=0.782880
result case=fixed_1x8192 repeat=3 mode=v16 median_ms=0.568976 p90_ms=0.571008
result case=fixed_1x8192 repeat=3 mode=auto median_ms=0.568768 p90_ms=0.570176
result case=fixed_1x8192 repeat=3 mode=v32 median_ms=0.584384 p90_ms=0.586304
result case=fixed_1x8192 repeat=4 mode=v32 median_ms=0.584352 p90_ms=0.586336
result case=fixed_1x8192 repeat=4 mode=compat_v128 median_ms=0.780736 p90_ms=0.782912
result case=fixed_1x8192 repeat=4 mode=v64 median_ms=0.634688 p90_ms=0.635712
result case=fixed_1x8192 repeat=4 mode=auto median_ms=0.569824 p90_ms=0.571936
result case=fixed_1x8192 repeat=4 mode=v16 median_ms=0.569808 p90_ms=0.571744
case=packed_1x8192 lengths=[8192] auto_decision={'value_slice': 64, 'reason': 'environment_override'} correctness={'v16_out_equal': True, 'v16_state_equal': True, 'v32_out_equal': True, 'v32_state_equal': True, 'v64_out_equal': True, 'v64_state_equal': True}
result case=packed_1x8192 repeat=0 mode=v32 median_ms=0.584128 p90_ms=0.586112
result case=packed_1x8192 repeat=0 mode=v64 median_ms=0.633280 p90_ms=0.635328
result case=packed_1x8192 repeat=0 mode=v16 median_ms=0.574016 p90_ms=0.576064
result case=packed_1x8192 repeat=0 mode=auto median_ms=0.784976 p90_ms=0.787136
result case=packed_1x8192 repeat=0 mode=compat_v128 median_ms=0.784928 p90_ms=0.787072
result case=packed_1x8192 repeat=1 mode=v64 median_ms=0.633264 p90_ms=0.635360
result case=packed_1x8192 repeat=1 mode=v32 median_ms=0.584128 p90_ms=0.586176
result case=packed_1x8192 repeat=1 mode=auto median_ms=0.784928 p90_ms=0.787008
result case=packed_1x8192 repeat=1 mode=compat_v128 median_ms=0.784992 p90_ms=0.787072
result case=packed_1x8192 repeat=1 mode=v16 median_ms=0.573984 p90_ms=0.576096
result case=packed_1x8192 repeat=2 mode=v64 median_ms=0.633184 p90_ms=0.635360
result case=packed_1x8192 repeat=2 mode=compat_v128 median_ms=0.784960 p90_ms=0.787040
result case=packed_1x8192 repeat=2 mode=v16 median_ms=0.573984 p90_ms=0.576032
result case=packed_1x8192 repeat=2 mode=auto median_ms=0.784928 p90_ms=0.787008
result case=packed_1x8192 repeat=2 mode=v32 median_ms=0.584128 p90_ms=0.586208
result case=packed_1x8192 repeat=3 mode=auto median_ms=0.784992 p90_ms=0.787072
result case=packed_1x8192 repeat=3 mode=v16 median_ms=0.573984 p90_ms=0.576000
result case=packed_1x8192 repeat=3 mode=v32 median_ms=0.584096 p90_ms=0.586016
result case=packed_1x8192 repeat=3 mode=compat_v128 median_ms=0.784960 p90_ms=0.787040
result case=packed_1x8192 repeat=3 mode=v64 median_ms=0.633312 p90_ms=0.635296
result case=packed_1x8192 repeat=4 mode=v64 median_ms=0.633312 p90_ms=0.635296
result case=packed_1x8192 repeat=4 mode=auto median_ms=0.784960 p90_ms=0.787040
result case=packed_1x8192 repeat=4 mode=compat_v128 median_ms=0.784992 p90_ms=0.787168
result case=packed_1x8192 repeat=4 mode=v32 median_ms=0.584160 p90_ms=0.586016
result case=packed_1x8192 repeat=4 mode=v16 median_ms=0.573984 p90_ms=0.576000
case=packed_ragged6 lengths=[1300, 547, 2048, 963, 271, 3063] auto_decision={'value_slice': 64, 'reason': 'environment_override'} correctness={'v16_out_equal': True, 'v16_state_equal': True, 'v32_out_equal': True, 'v32_state_equal': True, 'v64_out_equal': True, 'v64_state_equal': True}
result case=packed_ragged6 repeat=0 mode=v64 median_ms=0.281056 p90_ms=0.281184
result case=packed_ragged6 repeat=0 mode=v32 median_ms=0.287232 p90_ms=0.289280
result case=packed_ragged6 repeat=0 mode=auto median_ms=0.340384 p90_ms=0.340608
result case=packed_ragged6 repeat=0 mode=v16 median_ms=0.321888 p90_ms=0.322112
result case=packed_ragged6 repeat=0 mode=compat_v128 median_ms=0.340272 p90_ms=0.340576
result case=packed_ragged6 repeat=1 mode=compat_v128 median_ms=0.340336 p90_ms=0.340608
result case=packed_ragged6 repeat=1 mode=v64 median_ms=0.280992 p90_ms=0.281184
result case=packed_ragged6 repeat=1 mode=auto median_ms=0.340320 p90_ms=0.340608
result case=packed_ragged6 repeat=1 mode=v32 median_ms=0.287232 p90_ms=0.289248
result case=packed_ragged6 repeat=1 mode=v16 median_ms=0.321904 p90_ms=0.322176
result case=packed_ragged6 repeat=2 mode=v64 median_ms=0.280976 p90_ms=0.281184
result case=packed_ragged6 repeat=2 mode=compat_v128 median_ms=0.340304 p90_ms=0.340576
result case=packed_ragged6 repeat=2 mode=v32 median_ms=0.287200 p90_ms=0.289216
result case=packed_ragged6 repeat=2 mode=auto median_ms=0.340288 p90_ms=0.340576
result case=packed_ragged6 repeat=2 mode=v16 median_ms=0.321936 p90_ms=0.322208
result case=packed_ragged6 repeat=3 mode=v16 median_ms=0.321920 p90_ms=0.322176
result case=packed_ragged6 repeat=3 mode=v32 median_ms=0.287232 p90_ms=0.289216
result case=packed_ragged6 repeat=3 mode=v64 median_ms=0.280992 p90_ms=0.281216
result case=packed_ragged6 repeat=3 mode=auto median_ms=0.340304 p90_ms=0.340576
result case=packed_ragged6 repeat=3 mode=compat_v128 median_ms=0.340320 p90_ms=0.340576
result case=packed_ragged6 repeat=4 mode=v32 median_ms=0.287200 p90_ms=0.289248
result case=packed_ragged6 repeat=4 mode=compat_v128 median_ms=0.340288 p90_ms=0.340576
result case=packed_ragged6 repeat=4 mode=v16 median_ms=0.321920 p90_ms=0.322176
result case=packed_ragged6 repeat=4 mode=v64 median_ms=0.281024 p90_ms=0.281184
result case=packed_ragged6 repeat=4 mode=auto median_ms=0.340336 p90_ms=0.340576
case=packed_8x1024 lengths=[1024, 1024, 1024, 1024, 1024, 1024, 1024, 1024] auto_decision={'value_slice': 64, 'reason': 'environment_override'} correctness={'v16_out_equal': True, 'v16_state_equal': True, 'v32_out_equal': True, 'v32_state_equal': True, 'v64_out_equal': True, 'v64_state_equal': True}
result case=packed_8x1024 repeat=0 mode=v32 median_ms=0.168512 p90_ms=0.170496
result case=packed_8x1024 repeat=0 mode=auto median_ms=0.156096 p90_ms=0.156288
result case=packed_8x1024 repeat=0 mode=v64 median_ms=0.154048 p90_ms=0.154208
result case=packed_8x1024 repeat=0 mode=compat_v128 median_ms=0.156096 p90_ms=0.156288
result case=packed_8x1024 repeat=0 mode=v16 median_ms=0.313792 p90_ms=0.313984
result case=packed_8x1024 repeat=1 mode=v32 median_ms=0.168512 p90_ms=0.170528
result case=packed_8x1024 repeat=1 mode=auto median_ms=0.156128 p90_ms=0.156288
result case=packed_8x1024 repeat=1 mode=v16 median_ms=0.313792 p90_ms=0.313984
result case=packed_8x1024 repeat=1 mode=compat_v128 median_ms=0.156096 p90_ms=0.156256
result case=packed_8x1024 repeat=1 mode=v64 median_ms=0.154016 p90_ms=0.154208
result case=packed_8x1024 repeat=2 mode=v16 median_ms=0.313760 p90_ms=0.313952
result case=packed_8x1024 repeat=2 mode=auto median_ms=0.156096 p90_ms=0.156288
result case=packed_8x1024 repeat=2 mode=v32 median_ms=0.168544 p90_ms=0.170496
result case=packed_8x1024 repeat=2 mode=v64 median_ms=0.154048 p90_ms=0.154240
result case=packed_8x1024 repeat=2 mode=compat_v128 median_ms=0.156128 p90_ms=0.156256
result case=packed_8x1024 repeat=3 mode=v64 median_ms=0.154048 p90_ms=0.154240
result case=packed_8x1024 repeat=3 mode=v32 median_ms=0.168544 p90_ms=0.170528
result case=packed_8x1024 repeat=3 mode=v16 median_ms=0.313792 p90_ms=0.313984
result case=packed_8x1024 repeat=3 mode=compat_v128 median_ms=0.156128 p90_ms=0.156256
result case=packed_8x1024 repeat=3 mode=auto median_ms=0.156096 p90_ms=0.156288
result case=packed_8x1024 repeat=4 mode=auto median_ms=0.156160 p90_ms=0.156288
result case=packed_8x1024 repeat=4 mode=v64 median_ms=0.154064 p90_ms=0.154240
result case=packed_8x1024 repeat=4 mode=v32 median_ms=0.168592 p90_ms=0.170592
result case=packed_8x1024 repeat=4 mode=compat_v128 median_ms=0.156128 p90_ms=0.156256
result case=packed_8x1024 repeat=4 mode=v16 median_ms=0.313824 p90_ms=0.313984
case=packed_32x256 lengths=[256, 256, 256, 256, 256, 256, 256, 256, 256, 256, 256, 256, 256, 256, 256, 256, 256, 256, 256, 256, 256, 256, 256, 256, 256, 256, 256, 256, 256, 256, 256, 256] auto_decision={'value_slice': 64, 'reason': 'environment_override'} correctness={'v16_out_equal': True, 'v16_state_equal': True, 'v32_out_equal': True, 'v32_state_equal': True, 'v64_out_equal': True, 'v64_state_equal': True}
result case=packed_32x256 repeat=0 mode=auto median_ms=0.125376 p90_ms=0.125632
result case=packed_32x256 repeat=0 mode=v32 median_ms=0.172480 p90_ms=0.174496
result case=packed_32x256 repeat=0 mode=v16 median_ms=0.258592 p90_ms=0.260608
result case=packed_32x256 repeat=0 mode=v64 median_ms=0.133536 p90_ms=0.133792
result case=packed_32x256 repeat=0 mode=compat_v128 median_ms=0.125376 p90_ms=0.125568
result case=packed_32x256 repeat=1 mode=auto median_ms=0.125376 p90_ms=0.125600
result case=packed_32x256 repeat=1 mode=v64 median_ms=0.133600 p90_ms=0.133824
result case=packed_32x256 repeat=1 mode=v32 median_ms=0.172480 p90_ms=0.174272
result case=packed_32x256 repeat=1 mode=v16 median_ms=0.258576 p90_ms=0.260640
result case=packed_32x256 repeat=1 mode=compat_v128 median_ms=0.125376 p90_ms=0.125536
result case=packed_32x256 repeat=2 mode=compat_v128 median_ms=0.125376 p90_ms=0.125600
result case=packed_32x256 repeat=2 mode=v16 median_ms=0.258512 p90_ms=0.260608
result case=packed_32x256 repeat=2 mode=v32 median_ms=0.172512 p90_ms=0.174496
result case=packed_32x256 repeat=2 mode=v64 median_ms=0.133600 p90_ms=0.134560
result case=packed_32x256 repeat=2 mode=auto median_ms=0.125408 p90_ms=0.125568
result case=packed_32x256 repeat=3 mode=v32 median_ms=0.172480 p90_ms=0.174464
result case=packed_32x256 repeat=3 mode=compat_v128 median_ms=0.125376 p90_ms=0.125664
result case=packed_32x256 repeat=3 mode=auto median_ms=0.125376 p90_ms=0.125664
result case=packed_32x256 repeat=3 mode=v64 median_ms=0.133600 p90_ms=0.133856
result case=packed_32x256 repeat=3 mode=v16 median_ms=0.258528 p90_ms=0.260640
result case=packed_32x256 repeat=4 mode=v32 median_ms=0.172416 p90_ms=0.174496
result case=packed_32x256 repeat=4 mode=compat_v128 median_ms=0.125376 p90_ms=0.125600
result case=packed_32x256 repeat=4 mode=v16 median_ms=0.258592 p90_ms=0.260704
result case=packed_32x256 repeat=4 mode=v64 median_ms=0.133600 p90_ms=0.133792
result case=packed_32x256 repeat=4 mode=auto median_ms=0.125408 p90_ms=0.125632
csv=/home/lcpu/<USER_ID>/FlashKDA-c1-results/02_k3_shapes_17928.csv
name, uuid, clocks.current.sm [MHz], temperature.gpu, power.draw [W]
NVIDIA B300 SXM6 AC, GPU-<REDACTED>, 1905 MHz, 38, 548.79 W
finished_utc=2026-09-03T06:54:06Z
