Sat Sep  5 01:10:26 UTC 2026
name, driver_version, clocks.current.sm [MHz], memory.total [MiB]
NVIDIA B300 SXM6 AC, 580.126.09, 120 MHz, 275040 MiB
dfed3653926dc6c57d9ef372873c495c0604fb140a5e6f1212e86f8d89022fa8  /home/lcpu/YOUR_USER_ID/kda-review-20260905/review_probe.py
{"device": {"device": 0, "l2_bytes": 132644864, "major": 10, "max_blocks_per_sm": 32, "max_threads_per_sm": 2048, "minor": 3, "registers_per_sm": 65536, "shared_memory_per_sm": 233472, "sm_count": 148, "warp_size": 32}, "extension": "/home/lcpu/YOUR_USER_ID/FlashKDA/results/20260821_dispatch_boundary/integrated_dispatch/lib/flash_kda_C.cpython-312-x86_64-linux-gnu.so", "kind": "environment", "torch": "2.10.0+cu130", "wrapper": "/home/lcpu/YOUR_USER_ID/FlashKDA-c1-final/flash_kda/__init__.py"}
{"bitwise": true, "dtype": "torch.bfloat16", "final": 1.0, "finite": true, "initial": 1.0, "kind": "empty_sequence_identity", "max_abs": 0.0, "rel_rmse": 0.0, "value_slice": 128}
{"bitwise": true, "dtype": "torch.bfloat16", "final": 1.0, "finite": true, "initial": 1.0, "kind": "empty_sequence_identity", "max_abs": 0.0, "rel_rmse": 0.0, "value_slice": 16}
{"bitwise": false, "dtype": "torch.float32", "final": 1.0, "finite": true, "initial": 1.0010000467300415, "kind": "empty_sequence_identity", "max_abs": 0.001000046730041504, "rel_rmse": 0.0009990476537495852, "value_slice": 128}
{"bitwise": false, "dtype": "torch.float32", "final": 1.0, "finite": true, "initial": 1.0010000467300415, "kind": "empty_sequence_identity", "max_abs": 0.001000046730041504, "rel_rmse": 0.0009990476537495852, "value_slice": 16}
{"first_segment": 16, "gate": null, "kind": "segmentation", "output": {"bitwise": true, "finite": true, "max_abs": 0.0, "rel_rmse": 0.0}, "segments": 16, "state": {"bitwise": true, "finite": true, "max_abs": 0.0, "rel_rmse": 0.0}, "value_slice": 128}
{"first_segment": 16, "gate": null, "kind": "segmentation", "output": {"bitwise": true, "finite": true, "max_abs": 0.0, "rel_rmse": 0.0}, "segments": 16, "state": {"bitwise": true, "finite": true, "max_abs": 0.0, "rel_rmse": 0.0}, "value_slice": 16}
{"first_segment": 17, "gate": null, "kind": "segmentation", "output": {"bitwise": false, "finite": true, "max_abs": 0.00048828125, "rel_rmse": 0.005811415147036314}, "segments": 2, "state": {"bitwise": false, "finite": true, "max_abs": 0.00390625, "rel_rmse": 0.004742942284792662}, "value_slice": 128}
{"first_segment": 17, "gate": null, "kind": "segmentation", "output": {"bitwise": false, "finite": true, "max_abs": 0.00048828125, "rel_rmse": 0.005811415147036314}, "segments": 2, "state": {"bitwise": false, "finite": true, "max_abs": 0.00390625, "rel_rmse": 0.004742942284792662}, "value_slice": 16}
{"first_segment": 1, "gate": null, "kind": "segmentation", "output": {"bitwise": false, "finite": true, "max_abs": 0.0003662109375, "rel_rmse": 0.006371844559907913}, "segments": 256, "state": {"bitwise": false, "finite": true, "max_abs": 0.001953125, "rel_rmse": 0.004562146030366421}, "value_slice": 128}
{"first_segment": 1, "gate": null, "kind": "segmentation", "output": {"bitwise": false, "finite": true, "max_abs": 0.0003662109375, "rel_rmse": 0.006371844559907913}, "segments": 256, "state": {"bitwise": false, "finite": true, "max_abs": 0.001953125, "rel_rmse": 0.004562146030366421}, "value_slice": 16}
{"gate": null, "kind": "state_alias", "output": {"bitwise": true, "finite": true, "max_abs": 0.0, "rel_rmse": 0.0}, "state": {"bitwise": true, "finite": true, "max_abs": 0.0, "rel_rmse": 0.0}}
{"first_segment": 16, "gate": -8.0, "kind": "segmentation", "output": {"bitwise": true, "finite": true, "max_abs": 0.0, "rel_rmse": 0.0}, "segments": 16, "state": {"bitwise": true, "finite": true, "max_abs": 0.0, "rel_rmse": 0.0}, "value_slice": 128}
{"first_segment": 16, "gate": -8.0, "kind": "segmentation", "output": {"bitwise": true, "finite": true, "max_abs": 0.0, "rel_rmse": 0.0}, "segments": 16, "state": {"bitwise": true, "finite": true, "max_abs": 0.0, "rel_rmse": 0.0}, "value_slice": 16}
{"first_segment": 17, "gate": -8.0, "kind": "segmentation", "output": {"bitwise": false, "finite": true, "max_abs": 0.0029296875, "rel_rmse": 0.007437470369040966}, "segments": 2, "state": {"bitwise": false, "finite": true, "max_abs": 0.03125, "rel_rmse": 0.009086684323847294}, "value_slice": 128}
{"first_segment": 17, "gate": -8.0, "kind": "segmentation", "output": {"bitwise": false, "finite": true, "max_abs": 0.0029296875, "rel_rmse": 0.007437470369040966}, "segments": 2, "state": {"bitwise": false, "finite": true, "max_abs": 0.03125, "rel_rmse": 0.009086684323847294}, "value_slice": 16}
{"first_segment": 1, "gate": -8.0, "kind": "segmentation", "output": {"bitwise": false, "finite": true, "max_abs": 0.005859375, "rel_rmse": 0.0170787051320076}, "segments": 256, "state": {"bitwise": false, "finite": true, "max_abs": 0.11328125, "rel_rmse": 0.022457154467701912}, "value_slice": 128}
{"first_segment": 1, "gate": -8.0, "kind": "segmentation", "output": {"bitwise": false, "finite": true, "max_abs": 0.005859375, "rel_rmse": 0.0170787051320076}, "segments": 256, "state": {"bitwise": false, "finite": true, "max_abs": 0.11328125, "rel_rmse": 0.022457154467701912}, "value_slice": 16}
{"gate": -8.0, "kind": "state_alias", "output": {"bitwise": true, "finite": true, "max_abs": 0.0, "rel_rmse": 0.0}, "state": {"bitwise": true, "finite": true, "max_abs": 0.0, "rel_rmse": 0.0}}
{"decision": {"predicted_ms": {"16": 0.5743007899999999, "32": 0.588260421, "64": 0.638657433, "128": 0.7839451}, "reason": "calibrated_score_with_guard_band", "resident_blocks_per_sm": {"16": 4, "32": 4, "64": 3, "128": 2}, "reuse_footprint_bytes": 85327872, "reuse_over_l2": 0.6432806324110671, "value_slice": 16}, "kind": "dispatch"}
{"kind": "auto_wrapper", "output": {"bitwise": true, "finite": true, "max_abs": 0.0, "rel_rmse": 0.0}, "state": {"bitwise": true, "finite": true, "max_abs": 0.0, "rel_rmse": 0.0}}
{"graph_hot_ms": 0.7777919769287109, "graph_pre_call_eviction_ms": 0.779119998216629, "hot_ms": 0.7809919714927673, "kind": "perf", "pre_call_eviction_ms": 0.7818560004234314, "repeat": 0, "value_slice": 128}
{"graph_hot_ms": 0.565887987613678, "graph_pre_call_eviction_ms": 0.5671199858188629, "hot_ms": 0.5689440071582794, "kind": "perf", "pre_call_eviction_ms": 0.5702400207519531, "repeat": 0, "value_slice": 16}
{"graph_hot_ms": 0.5667840242385864, "graph_pre_call_eviction_ms": 0.5671679973602295, "hot_ms": 0.5690080225467682, "kind": "perf", "pre_call_eviction_ms": 0.5702720284461975, "repeat": 1, "value_slice": 16}
{"graph_hot_ms": 0.7799360156059265, "graph_pre_call_eviction_ms": 0.7803039848804474, "hot_ms": 0.7827839851379395, "kind": "perf", "pre_call_eviction_ms": 0.7834080159664154, "repeat": 1, "value_slice": 128}
{"graph_hot_ms": 0.7799040079116821, "graph_pre_call_eviction_ms": 0.780271977186203, "hot_ms": 0.7831360101699829, "kind": "perf", "pre_call_eviction_ms": 0.7845599949359894, "repeat": 2, "value_slice": 128}
{"graph_hot_ms": 0.5669440031051636, "graph_pre_call_eviction_ms": 0.569135993719101, "hot_ms": 0.570000022649765, "kind": "perf", "pre_call_eviction_ms": 0.5713919997215271, "repeat": 2, "value_slice": 16}
{"kind": "alignment_child", "mode": "aligned", "returncode": 0, "stderr": "", "stdout": "{\"beta_pointer_mod16\": 0, \"cloned\": true, \"contiguous\": true, \"kind\": \"alignment_input\"}\n{\"cloned\": true, \"finite\": true, \"kind\": \"alignment_completed\"}\n"}
{"kind": "alignment_child", "mode": "view", "returncode": -6, "stderr": "python: /home/lcpu/YOUR_USER_ID/FlashKDA/cutlass/include/cute/atom/copy_traits_sm90_tma.hpp:949: auto cute::detail::make_tma_copy_desc(const cute::Tensor<Engine, Layout>&, const cute::Layout<NewShape, NewStride>&, const cute::Swizzle<B1, M1, S1>&, uint32_t) [with TmaInternalType = cutlass::bfloat16_t; GEngine = cute::ViewEngine<cute::gmem_ptr<const cutlass::bfloat16_t*> >; GLayout = cute::Layout<cute::tuple<int>, cute::tuple<cute::C<1> > >; TShape = cute::tuple<cute::C<32> >; TStride = cute::tuple<cute::ScaledBasis<cute::C<1>, 0> >; int B = 0; int M = 4; int S = 3; uint32_t = unsigned int]: Assertion `(reinterpret_cast<uint64_t>(gmem_address) & 0b1111) == 0' failed.\n", "stdout": "{\"beta_pointer_mod16\": 2, \"cloned\": false, \"contiguous\": true, \"kind\": \"alignment_input\"}\n"}
{"kind": "complete"}
Sat Sep  5 01:10:34 UTC 2026
