Sat Sep  5 01:06:53 UTC 2026
name, driver_version, clocks.current.sm [MHz], memory.total [MiB]
NVIDIA B300 SXM6 AC, 580.126.09, 120 MHz, 275040 MiB
ad50667b1964be39fd0633929eb1cc5b95a99259be2b94a2fc1691c062e1ac0e  /home/lcpu/YOUR_USER_ID/FlashKDA/profile/c1-final/tcgen05_probe/phase6_probe
c638962a3d333680e923884ba47ffcd1cc4f26b1db4b2097af9bfa01b0b4f50f  /home/lcpu/YOUR_USER_ID/FlashKDA-c1-final/flash_kda/__init__.py
74e59195d1bdad5a68f3ad9793d722c8195d4f5de3266f8609526d2360ac59b8  /home/lcpu/YOUR_USER_ID/FlashKDA-c1-final/flash_kda/dispatch.py
META,device=NVIDIA B300 SXM6 AC,cc=10.3,sm_count=148,driver=13000,runtime=13000,D=128,K=16,threads=128
META,L0=prestaged_core_probe,L1=state_gate_plus_conservative_scalar_U_reformat,not_full_K2=1
VALIDATE,level=L0,path=mma_sync,V=128,grid=12,inner=1,PASS,bad=0
VALIDATE,level=L0,path=tcgen05,V=128,grid=12,inner=1,PASS,bad=0
VALIDATE,level=L1,path=mma_sync,V=128,grid=12,inner=1,PASS,bad=0
VALIDATE,level=L1,path=tcgen05,V=128,grid=12,inner=1,PASS,bad=0
VALIDATE,level=L1,path=mma_sync,V=128,grid=12,inner=2,PASS,bad=0
VALIDATE,level=L1,path=tcgen05,V=128,grid=12,inner=2,PASS,bad=0
VALIDATE,level=L1,path=mma_sync,V=128,grid=12,inner=4,PASS,bad=0
VALIDATE,level=L1,path=tcgen05,V=128,grid=12,inner=4,PASS,bad=0
VALIDATE,level=L1,path=mma_sync,V=128,grid=12,inner=128,PASS,bad=0
VALIDATE,level=L1,path=tcgen05,V=128,grid=12,inner=128,PASS,bad=0
SUMMARY,PASS
META,device=NVIDIA B300 SXM6 AC,cc=10.3,sm_count=148,driver=13000,runtime=13000,D=128,K=16,threads=128
META,L0=prestaged_core_probe,L1=state_gate_plus_conservative_scalar_U_reformat,not_full_K2=1
CSV_HEADER,level,V,grid,inner,warmup,iters,repeats,mma_median_kernel_us,mma_min_kernel_us,tcgen_median_kernel_us,tcgen_min_kernel_us,mma_median_phase_us,tcgen_median_phase_us,speedup_median,mma_regs,tcgen_regs,mma_static_smem_B,tcgen_static_smem_B,mma_active_blocks_per_sm,tcgen_active_blocks_per_sm,scope
RESULT,L0,128,12,1,20,100,5,7.200320,7.199040,14.880000,14.879360,7.200320,14.880000,0.483892,34,32,8192,8204,12,1,phase6_core_operands_prestaged_optimistic_tcgen
RESULT,L1,128,12,1,20,100,5,16.416640,16.408319,30.742400,30.721920,16.416640,30.742400,0.534006,38,39,41472,45580,5,1,phase6_plus_state_gate_plus_scalar_U_reformat_upper_envelope
RESULT,L0,128,12,4,20,100,5,8.224000,8.223680,16.415679,16.414720,2.056000,4.103920,0.500984,34,32,8192,8204,12,1,phase6_core_operands_prestaged_optimistic_tcgen
RESULT,L1,128,12,4,20,100,5,30.742719,30.741439,83.007364,82.996159,7.685680,20.751841,0.370361,38,39,41472,45580,5,1,phase6_plus_state_gate_plus_scalar_U_reformat_upper_envelope
RESULT,L0,128,12,16,20,100,5,14.368000,14.366720,20.511360,20.502720,0.898000,1.281960,0.700490,34,32,8192,8204,12,1,phase6_core_operands_prestaged_optimistic_tcgen
RESULT,L1,128,12,16,20,100,5,86.005764,85.986557,294.114246,294.011841,5.375360,18.382140,0.292423,38,39,41472,45580,5,1,phase6_plus_state_gate_plus_scalar_U_reformat_upper_envelope
RESULT,L0,128,12,64,20,100,5,38.523519,38.453121,39.211841,39.179840,0.601930,0.612685,0.982446,34,32,8192,8204,12,1,phase6_core_operands_prestaged_optimistic_tcgen
RESULT,L1,128,12,64,20,100,5,305.039997,305.021114,1138.146591,1138.105927,4.766250,17.783540,0.268015,38,39,41472,45580,5,1,phase6_plus_state_gate_plus_scalar_U_reformat_upper_envelope
RESULT,L0,128,12,96,20,100,5,53.310080,53.298879,52.082238,51.939521,0.555313,0.542523,1.023575,34,32,8192,8204,12,1,phase6_core_operands_prestaged_optimistic_tcgen
RESULT,L1,128,12,96,20,100,5,450.796814,450.795822,1700.732117,1700.713348,4.695800,17.715960,0.265060,38,39,41472,45580,5,1,phase6_plus_state_gate_plus_scalar_U_reformat_upper_envelope
RESULT,L0,128,12,128,20,100,5,69.633918,69.633279,64.542398,64.521918,0.544015,0.504237,1.078886,34,32,8192,8204,12,1,phase6_core_operands_prestaged_optimistic_tcgen
RESULT,L1,128,12,128,20,100,5,597.741432,597.739182,2263.778534,2263.615417,4.669855,17.685770,0.264046,38,39,41472,45580,5,1,phase6_plus_state_gate_plus_scalar_U_reformat_upper_envelope
RESULT,L0,128,12,256,20,100,5,132.999363,132.978239,114.678717,114.658880,0.519529,0.447964,1.159756,34,32,8192,8204,12,1,phase6_core_operands_prestaged_optimistic_tcgen
RESULT,L1,128,12,256,20,100,5,1182.292175,1182.290878,4513.988037,4513.865051,4.618329,17.632766,0.261917,38,39,41472,45580,5,1,phase6_plus_state_gate_plus_scalar_U_reformat_upper_envelope
RESULT,L0,128,12,512,20,100,5,258.275528,258.213444,213.117123,213.115520,0.504444,0.416244,1.211895,34,32,8192,8204,12,1,phase6_core_operands_prestaged_optimistic_tcgen
RESULT,L1,128,12,512,20,100,5,2352.027893,2352.026825,9015.541992,9015.522461,4.593804,17.608480,0.260886,38,39,41472,45580,5,1,phase6_plus_state_gate_plus_scalar_U_reformat_upper_envelope
RESULT,L0,128,148,1,20,100,5,7.241920,7.219200,18.462400,18.454400,7.241920,18.462400,0.392252,34,32,8192,8204,12,1,phase6_core_operands_prestaged_optimistic_tcgen
RESULT,L1,128,148,1,20,100,5,16.928000,16.928000,30.741761,30.732479,16.928000,30.741761,0.550652,38,39,41472,45580,5,1,phase6_plus_state_gate_plus_scalar_U_reformat_upper_envelope
RESULT,L0,128,148,4,20,100,5,8.224320,8.214080,19.888639,19.824960,2.056080,4.972160,0.413518,34,32,8192,8204,12,1,phase6_core_operands_prestaged_optimistic_tcgen
RESULT,L1,128,148,4,20,100,5,30.760319,30.732160,83.948803,83.938236,7.690080,20.987201,0.366418,38,39,41472,45580,5,1,phase6_plus_state_gate_plus_scalar_U_reformat_upper_envelope
RESULT,L0,128,148,16,20,100,5,14.367681,14.360321,24.597759,24.597120,0.897980,1.537360,0.584105,34,32,8192,8204,12,1,phase6_core_operands_prestaged_optimistic_tcgen
RESULT,L1,128,148,16,20,100,5,86.016960,86.007042,294.790401,294.788799,5.376060,18.424400,0.291790,38,39,41472,45580,5,1,phase6_plus_state_gate_plus_scalar_U_reformat_upper_envelope
RESULT,L0,128,148,64,20,100,5,38.912001,38.901761,43.050241,43.048959,0.608000,0.672660,0.903874,34,32,8192,8204,12,1,phase6_core_operands_prestaged_optimistic_tcgen
RESULT,L1,128,148,64,20,100,5,305.183678,305.163517,1138.923874,1138.780823,4.768495,17.795686,0.267958,38,39,41472,45580,5,1,phase6_plus_state_gate_plus_scalar_U_reformat_upper_envelope
RESULT,L0,128,148,96,20,100,5,53.321919,53.300481,55.357118,55.347519,0.555437,0.576637,0.963235,34,32,8192,8204,12,1,phase6_core_operands_prestaged_optimistic_tcgen
RESULT,L1,128,148,96,20,100,5,451.043854,451.020813,1702.286377,1702.062378,4.698373,17.732150,0.264964,38,39,41472,45580,5,1,phase6_plus_state_gate_plus_scalar_U_reformat_upper_envelope
RESULT,L0,128,148,128,20,100,5,69.663358,69.642882,68.772802,68.732162,0.544245,0.537288,1.012949,34,32,8192,8204,12,1,phase6_core_operands_prestaged_optimistic_tcgen
RESULT,L1,128,148,128,20,100,5,597.821426,597.739830,2265.314941,2264.802551,4.670480,17.697773,0.263902,38,39,41472,45580,5,1,phase6_plus_state_gate_plus_scalar_U_reformat_upper_envelope
RESULT,L0,128,148,256,20,100,5,133.101759,133.100796,120.883522,120.864000,0.519929,0.472201,1.101074,34,32,8192,8204,12,1,phase6_core_operands_prestaged_optimistic_tcgen
RESULT,L1,128,148,256,20,100,5,1182.619858,1182.537308,4517.777710,4517.489014,4.619609,17.647569,0.261770,38,39,41472,45580,5,1,phase6_plus_state_gate_plus_scalar_U_reformat_upper_envelope
RESULT,L0,128,148,512,20,100,5,259.337921,259.196167,227.952633,227.911682,0.506519,0.445220,1.137683,34,32,8192,8204,12,1,phase6_core_operands_prestaged_optimistic_tcgen
RESULT,L1,128,148,512,20,100,5,2352.620850,2352.517700,9023.181763,9022.751465,4.594963,17.623402,0.260731,38,39,41472,45580,5,1,phase6_plus_state_gate_plus_scalar_U_reformat_upper_envelope
SUMMARY,PASS
META,device=NVIDIA B300 SXM6 AC,cc=10.3,sm_count=148,driver=13000,runtime=13000,D=128,K=16,threads=128
META,L0=prestaged_core_probe,L1=state_gate_plus_conservative_scalar_U_reformat,not_full_K2=1
CSV_HEADER,level,V,grid,inner,warmup,iters,repeats,mma_median_kernel_us,mma_min_kernel_us,tcgen_median_kernel_us,tcgen_min_kernel_us,mma_median_phase_us,tcgen_median_phase_us,speedup_median,mma_regs,tcgen_regs,mma_static_smem_B,tcgen_static_smem_B,mma_active_blocks_per_sm,tcgen_active_blocks_per_sm,scope
RESULT,L0,128,12,1,20,100,5,7.179200,7.177600,14.878720,14.860480,7.179200,14.878720,0.482515,34,32,8192,8204,12,1,phase6_core_operands_prestaged_optimistic_tcgen
RESULT,L1,128,12,1,20,100,5,16.415679,16.415040,30.741119,30.723519,16.415679,30.741119,0.533997,38,39,41472,45580,5,1,phase6_plus_state_gate_plus_scalar_U_reformat_upper_envelope
RESULT,L0,128,12,4,20,100,5,8.224640,8.223360,16.416000,16.415360,2.056160,4.104000,0.501014,34,32,8192,8204,12,1,phase6_core_operands_prestaged_optimistic_tcgen
RESULT,L1,128,12,4,20,100,5,30.751679,30.740800,83.007679,82.995520,7.687920,20.751920,0.370468,38,39,41472,45580,5,1,phase6_plus_state_gate_plus_scalar_U_reformat_upper_envelope
RESULT,L0,128,12,16,20,100,5,14.367681,14.367360,20.511999,20.510719,0.897980,1.282000,0.700452,34,32,8192,8204,12,1,phase6_core_operands_prestaged_optimistic_tcgen
RESULT,L1,128,12,16,20,100,5,85.996799,85.987196,294.115524,294.073277,5.374800,18.382220,0.292391,38,39,41472,45580,5,1,phase6_plus_state_gate_plus_scalar_U_reformat_upper_envelope
RESULT,L0,128,12,64,20,100,5,38.524799,38.451841,39.188161,39.150081,0.601950,0.612315,0.983072,34,32,8192,8204,12,1,phase6_core_operands_prestaged_optimistic_tcgen
RESULT,L1,128,12,64,20,100,5,305.040646,305.039368,1138.146591,1138.104630,4.766260,17.783540,0.268015,38,39,41472,45580,5,1,phase6_plus_state_gate_plus_scalar_U_reformat_upper_envelope
RESULT,L0,128,12,96,20,100,5,53.301439,53.291202,51.897922,51.815362,0.555223,0.540603,1.027044,34,32,8192,8204,12,1,phase6_core_operands_prestaged_optimistic_tcgen
RESULT,L1,128,12,96,20,100,5,450.798416,450.795822,1700.753021,1700.731201,4.695817,17.716177,0.265058,38,39,41472,45580,5,1,phase6_plus_state_gate_plus_scalar_U_reformat_upper_envelope
RESULT,L0,128,12,128,20,100,5,69.634242,69.633279,64.522882,64.512320,0.544018,0.504085,1.079218,34,32,8192,8204,12,1,phase6_core_operands_prestaged_optimistic_tcgen
RESULT,L1,128,12,128,20,100,5,597.740784,597.740173,2263.697662,2263.533173,4.669850,17.685138,0.264055,38,39,41472,45580,5,1,phase6_plus_state_gate_plus_scalar_U_reformat_upper_envelope
RESULT,L0,128,12,256,20,100,5,132.918396,132.896318,114.661436,114.658556,0.519212,0.447896,1.159225,34,32,8192,8204,12,1,phase6_core_operands_prestaged_optimistic_tcgen
RESULT,L1,128,12,256,20,100,5,1182.352982,1182.310104,4513.885498,4513.823853,4.618566,17.632365,0.261937,38,39,41472,45580,5,1,phase6_plus_state_gate_plus_scalar_U_reformat_upper_envelope
RESULT,L0,128,12,512,20,100,5,258.232632,258.173122,213.136635,213.116798,0.504361,0.416282,1.211583,34,32,8192,8204,12,1,phase6_core_operands_prestaged_optimistic_tcgen
RESULT,L1,128,12,512,20,100,5,2352.232971,2352.191925,9015.891113,9015.584717,4.594205,17.609162,0.260899,38,39,41472,45580,5,1,phase6_plus_state_gate_plus_scalar_U_reformat_upper_envelope
RESULT,L0,128,148,1,20,100,5,7.200960,7.200000,18.464320,18.464000,7.200960,18.464320,0.389993,34,32,8192,8204,12,1,phase6_core_operands_prestaged_optimistic_tcgen
RESULT,L1,128,148,1,20,100,5,16.908799,16.906880,30.751679,30.740161,16.908799,30.751679,0.549850,38,39,41472,45580,5,1,phase6_plus_state_gate_plus_scalar_U_reformat_upper_envelope
RESULT,L0,128,148,4,20,100,5,8.224320,8.222400,19.888639,19.824960,2.056080,4.972160,0.413518,34,32,8192,8204,12,1,phase6_core_operands_prestaged_optimistic_tcgen
RESULT,L1,128,148,4,20,100,5,30.760961,30.752959,83.948164,83.938560,7.690240,20.987041,0.366428,38,39,41472,45580,5,1,phase6_plus_state_gate_plus_scalar_U_reformat_upper_envelope
RESULT,L0,128,148,16,20,100,5,14.368320,14.368000,24.607999,24.598081,0.898020,1.538000,0.583888,34,32,8192,8204,12,1,phase6_core_operands_prestaged_optimistic_tcgen
RESULT,L1,128,148,16,20,100,5,86.007681,86.007042,294.810238,294.790401,5.375480,18.425640,0.291739,38,39,41472,45580,5,1,phase6_plus_state_gate_plus_scalar_U_reformat_upper_envelope
RESULT,L0,128,148,64,20,100,5,38.913281,38.903041,43.050880,43.049922,0.608020,0.672670,0.903890,34,32,8192,8204,12,1,phase6_core_operands_prestaged_optimistic_tcgen
RESULT,L1,128,148,64,20,100,5,305.204792,305.143032,1139.232635,1139.048004,4.768825,17.800510,0.267904,38,39,41472,45580,5,1,phase6_plus_state_gate_plus_scalar_U_reformat_upper_envelope
RESULT,L0,128,148,96,20,100,5,53.320961,53.299518,55.358720,55.347838,0.555427,0.576653,0.963190,34,32,8192,8204,12,1,phase6_core_operands_prestaged_optimistic_tcgen
RESULT,L1,128,148,96,20,100,5,451.184006,450.962257,1702.288971,1701.837158,4.699833,17.732177,0.265045,38,39,41472,45580,5,1,phase6_plus_state_gate_plus_scalar_U_reformat_upper_envelope
RESULT,L0,128,148,128,20,100,5,69.662719,69.643841,68.774080,68.732481,0.544240,0.537298,1.012921,34,32,8192,8204,12,1,phase6_core_operands_prestaged_optimistic_tcgen
RESULT,L1,128,148,128,20,100,5,597.843208,597.761612,2265.519714,2265.272980,4.670650,17.699373,0.263888,38,39,41472,45580,5,1,phase6_plus_state_gate_plus_scalar_U_reformat_upper_envelope
RESULT,L0,128,148,256,20,100,5,133.120317,133.100796,120.864000,120.863676,0.520001,0.472125,1.101406,34,32,8192,8204,12,1,phase6_core_operands_prestaged_optimistic_tcgen
RESULT,L1,128,148,256,20,100,5,1182.558365,1182.516479,4518.145752,4517.222595,4.619369,17.649007,0.261735,38,39,41472,45580,5,1,phase6_plus_state_gate_plus_scalar_U_reformat_upper_envelope
RESULT,L0,128,148,512,20,100,5,259.299526,259.238071,227.914886,227.811203,0.506444,0.445146,1.137703,34,32,8192,8204,12,1,phase6_core_operands_prestaged_optimistic_tcgen
RESULT,L1,128,148,512,20,100,5,2352.682495,2352.456970,9023.244629,9022.403564,4.595083,17.623525,0.260736,38,39,41472,45580,5,1,phase6_plus_state_gate_plus_scalar_U_reformat_upper_envelope
SUMMARY,PASS
{"device": {"device": 0, "l2_bytes": 132644864, "major": 10, "max_blocks_per_sm": 32, "max_threads_per_sm": 2048, "minor": 3, "registers_per_sm": 65536, "shared_memory_per_sm": 233472, "sm_count": 148, "warp_size": 32}, "extension": "/home/lcpu/YOUR_USER_ID/FlashKDA/results/20260821_dispatch_boundary/integrated_dispatch/lib/flash_kda_C.cpython-312-x86_64-linux-gnu.so", "kind": "environment", "torch": "2.10.0+cu130", "wrapper": "/home/lcpu/YOUR_USER_ID/FlashKDA-c1-final/flash_kda/__init__.py"}
{"bitwise": true, "dtype": "torch.bfloat16", "final": 1.0, "finite": true, "initial": 1.0, "kind": "empty_sequence_identity", "max_abs": 0.0, "rel_rmse": 0.0, "value_slice": 128}
{"bitwise": true, "dtype": "torch.bfloat16", "final": 1.0, "finite": true, "initial": 1.0, "kind": "empty_sequence_identity", "max_abs": 0.0, "rel_rmse": 0.0, "value_slice": 16}
{"bitwise": false, "dtype": "torch.float32", "final": 1.0, "finite": true, "initial": 1.0010000467300415, "kind": "empty_sequence_identity", "max_abs": 0.001000046730041504, "rel_rmse": 0.0009990476537495852, "value_slice": 128}
{"bitwise": false, "dtype": "torch.float32", "final": 1.0, "finite": true, "initial": 1.0010000467300415, "kind": "empty_sequence_identity", "max_abs": 0.001000046730041504, "rel_rmse": 0.0009990476537495852, "value_slice": 16}
{"first_segment": 16, "gate": null, "kind": "segmentation", "output": {"bitwise": true, "finite": true, "max_abs": 0.0, "rel_rmse": 0.0}, "segments": 16, "state": {"bitwise": true, "finite": true, "max_abs": 0.0, "rel_rmse": 0.0}, "value_slice": 128}
{"first_segment": 16, "gate": null, "kind": "segmentation", "output": {"bitwise": true, "finite": true, "max_abs": 0.0, "rel_rmse": 0.0}, "segments": 16, "state": {"bitwise": true, "finite": true, "max_abs": 0.0, "rel_rmse": 0.0}, "value_slice": 16}
{"first_segment": 17, "gate": null, "kind": "segmentation", "output": {"bitwise": false, "finite": true, "max_abs": 0.00048828125, "rel_rmse": 0.005811415147036314}, "segments": 2, "state": {"bitwise": false, "finite": true, "max_abs": 0.00390625, "rel_rmse": 0.004742942284792662}, "value_slice": 128}
{"first_segment": 17, "gate": null, "kind": "segmentation", "output": {"bitwise": false, "finite": true, "max_abs": 0.00048828125, "rel_rmse": 0.005811415147036314}, "segments": 2, "state": {"bitwise": false, "finite": true, "max_abs": 0.00390625, "rel_rmse": 0.004742942284792662}, "value_slice": 16}
python: /home/lcpu/YOUR_USER_ID/FlashKDA/cutlass/include/cute/atom/copy_traits_sm90_tma.hpp:949: auto cute::detail::make_tma_copy_desc(const cute::Tensor<Engine, Layout>&, const cute::Layout<NewShape, NewStride>&, const cute::Swizzle<B1, M1, S1>&, uint32_t) [with TmaInternalType = cutlass::bfloat16_t; GEngine = cute::ViewEngine<cute::gmem_ptr<const cutlass::bfloat16_t*> >; GLayout = cute::Layout<cute::tuple<int>, cute::tuple<cute::C<1> > >; TShape = cute::tuple<cute::C<32> >; TStride = cute::tuple<cute::ScaledBasis<cute::C<1>, 0> >; int B = 0; int M = 4; int S = 3; uint32_t = unsigned int]: Assertion `(reinterpret_cast<uint64_t>(gmem_address) & 0b1111) == 0' failed.
timeout: the monitored command dumped core
/var/lib/slurm/slurmd/job19844/slurm_script: line 22: 2544928 Aborted                 timeout 180 "$base/.venv/bin/python" -u "$review_dir/review_probe.py"
