2026-09-10 04:59:36,919 - INFO - flash_kda.py:776 - flashinfer.jit: Generated FlashKDA physical module sm_103a:flashkda_bf16_fused_m128_6151e2988c JIT spec: flash_kda_generated_sm103a_flashkda_bf16_fused_m128_6151e2988c_16863b1a21_direct_nvrtc_v1
Hardware: NVIDIA B300 SXM6 AC cc 10.3 (sm103a)
2026-09-10 04:59:37,034 - INFO - flash_kda.py:776 - flashinfer.jit: Generated FlashKDA physical module sm_103a:flashkda_bf16_fused_m128_13081cc606 JIT spec: flash_kda_generated_sm103a_flashkda_bf16_fused_m128_13081cc606_c73c874145_direct_nvrtc_v1
h12_packed_512x32  cake     direct_m128    178.945 us
2026-09-10 04:59:37,101 - INFO - flash_kda.py:776 - flashinfer.jit: Generated FlashKDA physical module sm_103a:flashkda_bf16_bt16_prepare_0d8e6c8011 JIT spec: flash_kda_generated_sm103a_flashkda_bf16_bt16_prepare_0d8e6c8011_34b98a52d0
h12_packed_128x8   cake     direct_m128     26.528 us
2026-09-10 04:59:37,106 - INFO - flash_kda.py:776 - flashinfer.jit: Generated FlashKDA physical module sm_103a:flashkda_bf16_bt16_chain_m64_c68ffebac9 JIT spec: flash_kda_generated_sm103a_flashkda_bf16_bt16_chain_m64_c68ffebac9_9ecc78d74b
h12_fixed_512      cake     bt16_prepare_chain_m64     50.145 us
h12_fixed_8192     cake     bt16_prepare_chain_m64    498.449 us
h12_packed_mixed   cake     bt16_prepare_chain_m64    237.137 us
h12_packed_1024x8  cake     direct_m128    106.017 us
2026-09-10 04:59:40,080 - INFO - flash_kda.py:865 - flashinfer.jit: Generated FlashKDA m128 sm103a JIT spec: flash_kda_bf16_m128_8c34a95f28_sm103a
Hardware: NVIDIA B300 SXM6 AC cc 10.3 (sm103a)
2026-09-10 04:59:40,085 - INFO - flash_kda.py:980 - flashinfer.jit: Loaded FlashKDA m128 sm103a module
2026-09-10 04:59:40,545 - INFO - flash_kda.py:865 - flashinfer.jit: Generated FlashKDA m64 sm103a JIT spec: flash_kda_bf16_m64_f7f6a7e1f4_sm103a
h96_fixed8192      cake     m128          772.085 us
h96_mixed          cake     m128          572.674 us
h96_uniform        cake     m128          640.818 us
2026-09-10 04:59:40,549 - INFO - flash_kda.py:980 - flashinfer.jit: Loaded FlashKDA m64 sm103a module
h64_fixed8192      cake     m64           754.499 us
h64_mixed          cake     m128          400.098 us
h64_uniform        cake     m128          431.507 us
